// Jest Snapshot v1, https://goo.gl/fbAQLP

exports[`GifModal - render correctly 1`] = `null`;
